
+--+--<fg=black;bg=yellow;options=bold> Code coverage results </>+--+--+
|<bold> Pattern </bold>|<bold> Expected </bold>|<bold> Actual </bold>|<bold>  </bold>|
+--+--+--+--+
| RobinIngelbrecht\NonExistingNameSpace | 100% | <warning>0%</warning> | No lines to track...? |
| Total | 20% | <success>28.57%</success> | <bold>30</bold> of 105 lines covered |
+--+--+--+--+
|<warning>     There was at least one pattern that did not match any covered classes. Please consider removing them.      </warning>|
+--+--+--+--+