
+--+--<fg=black;bg=yellow;options=bold> Code coverage results </>+--+--+
|<bold> Pattern </bold>|<bold> Expected </bold>|<bold> Actual </bold>|<bold>  </bold>|
+--+--+--+--+
| Total | 20% | <success>28.57%</success> | <bold>30</bold> of 105 lines covered |
+--+--+--+--+
|<success>     All minimum code coverage rules passed, give yourself a pat on the back!      </success>|
+--+--+--+--+